// Jest Snapshot v1, https://goo.gl/fbAQLP

exports[`Pruebas en PrimeraApp debe de mostar PrimeraApp 1`] = `
<Fragment>
  <h1>
    Hola soy Marc
  </h1>
  <p>
    Soy un subtitulo
  </p>
</Fragment>
`;
